// Jest Snapshot v1, https://goo.gl/fbAQLP

exports[`renders 1`] = `
<div
  className="otgs-webta-editor"
  dangerouslySetInnerHTML={
    Object {
      "__html": "hello string",
    }
  }
  id="test-css-id"
/>
`;
