// Jest Snapshot v1, https://goo.gl/fbAQLP

exports[`renders 1`] = `
<nav
  className="navbar navbar-default navbar-static-top"
>
  <div
    className="container"
  >
    <div
      className="navbar-header"
    >
      <button
        aria-expanded="false"
        className="navbar-toggle collapsed"
        data-target="#bs-example-navbar-collapse-1"
        data-toggle="collapse"
        type="button"
      >
        <span
          className="sr-only"
        >
          Toggle navigation
        </span>
        <span
          className="icon-bar"
        />
        <span
          className="icon-bar"
        />
        <span
          className="icon-bar"
        />
      </button>
      <a
        className="navbar-brand"
        onClick={[Function]}
        style={Object {}}
      />
    </div>
    <div
      className="collapse navbar-collapse"
      id="bs-example-navbar-collapse-1"
    >
      <ul
        className="nav navbar-nav pull-right"
      >
        <li
          className="dropdown"
        >
          <a
            aria-expanded="false"
            aria-haspopup="true"
            className="dropdown-toggle"
            data-toggle="dropdown"
            href="#"
            role="button"
          >
            <span
              dangerouslySetInnerHTML={
                Object {
                  "__html": "",
                }
              }
            />
            <span
              className="caret"
            />
          </a>
          <ul
            className="dropdown-menu pull-right"
          >
            <li>
              <a
                href="javascript:void(0)"
                onClick={[Function]}
              >
                Log Out
              </a>
            </li>
          </ul>
        </li>
      </ul>
    </div>
  </div>
</nav>
`;
